
> build
> vite build

[36mvite v7.2.4 [32mbuilding client environment for production...[36m[39m
transforming...
[32m??[39m 3 modules transformed.
node.exe : [31m??[39m
 Build failed in 55ms
위치 C:\Program Files\no
dejs\npm.ps1:29 문자:3
+   & $NODE_EXE $NPM_C
LI_JS $args
+   ~~~~~~~~~~~~~~~~~~
~~~~~~~~~~~
    + CategoryInfo    
          : NotSpeci  
  fied: ([31m??[39   
 m Build failed in    
 55ms:String) [],     
RemoteException
    + FullyQualifiedE 
   rrorId : NativeCo  
  mmandError
 
[31merror during buil
d:
[31m[vite:esbuild] Tr
ansform failed with 1 
error:
C:/Users/dygks/Documen
ts/Dev/datavis2/App.js
x:960:4: ERROR: Unexpe
cted "export"[31m
file: [36mC:/Users/dy
gks/Documents/Dev/data
vis2/App.jsx:960:4[31
m
[33m
[33mUnexpected "expor
t"[33m
958 |      };
959 |  
960 |      export defa
ult ChickenBattleArena
;
    |      ^
[31m
    at failureErrorWit
hLog (C:\Users\dygks\D
ocuments\Dev\datavis2\
node_modules\esbuild\l
ib\main.js:1467:15)
    at C:\Users\dygks\
Documents\Dev\datavis2
\node_modules\esbuild\
lib\main.js:736:50
    at responseCallbac
ks.<computed> (C:\User
s\dygks\Documents\Dev\
datavis2\node_modules\
esbuild\lib\main.js:60
3:9)
    at handleIncomingP
acket (C:\Users\dygks\
Documents\Dev\datavis2
\node_modules\esbuild\
lib\main.js:658:12)
    at Socket.readFrom
Stdout (C:\Users\dygks
\Documents\Dev\datavis
2\node_modules\esbuild
\lib\main.js:581:7)
    at Socket.emit (no
de:events:518:28)
    at addChunk (node:
internal/streams/reada
ble:561:12)
    at readableAddChun
kPushByteMode (node:in
ternal/streams/readabl
e:512:3)
    at Readable.push (
node:internal/streams/
readable:392:5)
    at Pipe.onStreamRe
ad (node:internal/stre
am_base_commons:189:23
)[39m
